Testing: 0it [00:00, ?it/s]Testing:  20%|██        | 1/5 [00:01<00:06,  1.57s/it]Testing: 100%|██████████| 5/5 [00:21<00:00,  4.50s/it]All gather : 
[{'loss': tensor(0.9326), 
  'index': tensor([[0], [1], [2], [3]]), 
  'x_hat': tensor([[ 0.2491, -0.2156], [-0.6148,  0.7606], [-0.3653,  0.1846], [ 0.0663, -0.0501]]), 
  'y': tensor([0, 0, 0, 0])
 }, 
 {'loss': tensor(0.6415), 
  'index': tensor([[4], [5], [6], [7]]), 
  'x_hat': tensor([[-0.3312, -0.1618], [ 0.1463, -0.1913], [ 0.0378, -0.0247], [ 0.1028, -0.1295]]), 
   'y': tensor([0, 0, 0, 0])
 }, 
 {'loss': tensor(0.8819), 'index': tensor([[ 8],
        [ 9],
        [10],
        [11]]), 'x_hat': tensor([[-0.1037,  0.6183],
        [-0.1828, -0.2608],
        [-0.0630,  0.2311],
        [-0.1025,  0.2819]]), 'y': tensor([0, 0, 0, 0])}, {'loss': tensor(0.9821), 'index': tensor([[12],
        [13],
        [14],
        [15]]), 'x_hat': tensor([[-0.2067,  0.1168],
        [-0.2481,  0.5299],
        [ 0.0980,  0.0116],
        [-0.1089,  0.8083]]), 'y': tensor([0, 0, 0, 0])}, {'loss': tensor(0.8172), 'index': tensor([[16],
        [17],
        [18],
        [19]]), 'x_hat': tensor([[ 0.3575,  0.0242],
        [ 0.1353,  0.1266],
        [-0.0507,  0.3652],
        [-0.5590,  0.1619]]), 'y': tensor([0, 0, 0, 0])}]
--------------------------------------------------------------------------------
DATALOADER:0 TEST RESULTS
{}
--------------------------------------------------------------------------------
Testing: 100%|██████████| 5/5 [00:21<00:00,  4.32s/it]
Print [{}]


All gather : [{'loss': tensor([0.4904, 0.6495]), 'index': tensor([[[0],
         [2],
         [4],
         [6]],

        [[1],
         [3],
         [5],
         [7]]]), 'x_hat': tensor([[[ 0.2261, -0.5952],
         [ 0.0646, -0.1677],
         [ 0.1952, -0.1974],
         [-0.3331, -0.7727]],

        [[-0.9133, -0.0887],
         [ 0.0650, -0.7927],
         [ 0.1278, -0.1935],
         [ 0.2610, -0.1441]]]), 'y': tensor([[0, 0, 0, 0],
        [0, 0, 0, 0]])}, {'loss': tensor([0.5126, 0.7356]), 'index': tensor([[[ 8],
         [10],
         [12],
         [14]],

        [[ 9],
         [11],
         [13],
         [15]]]), 'x_hat': tensor([[[ 0.2119, -0.0656],
         [-0.2911, -0.3931],
         [ 0.2867, -0.3073],
         [ 0.4108, -0.2890]],

        [[ 0.3630,  0.1296],
         [-0.0540, -0.1543],
         [-0.0438,  0.0296],
         [-0.2482,  0.2683]]]), 'y': tensor([[0, 0, 0, 0],
        [0, 0, 0, 0]])}, {'loss': tensor([0.5396, 0.7845]), 'index': tensor([[[16],
         [18]],

        [[17],
         [19]]]), 'x_hat': tensor([[[ 0.3456, -0.1959],
         [ 0.2061,  0.0554]],

        [[ 0.4660, -0.0868],
         [-0.1281,  0.5887]]]), 'y': tensor([[0, 0],
        [0, 0]])}]
--------------------------------------------------------------------------------
DATALOADER:0 TEST RESULTS
{}
--------------------------------------------------------------------------------
Testing: 100%|██████████| 3/3 [00:17<00:00,  5.86s/it]
Print [{}]
[Finished in 24 seconds]

